// Jest Snapshot v1, https://goo.gl/fbAQLP

exports[`offer card should render offer card 1`] = `"<div class=\\"card\\"><div class=\\"card-image\\"><img src=\\"car.png\\"></div><div class=\\"card-content\\"><p class=\\"card-right-text\\">200 EUR</p><br><br><p class=\\"card-title truncate\\">Mercedes E200</p><p class=\\"truncate\\">Example Car</p></div><div class=\\"card-action\\"><a class=\\"btn waves-effect waves-light\\">SELECT</a></div></div>"`;
