// Jest Snapshot v1, https://goo.gl/fbAQLP

exports[`offer card list list should render offer list 1`] = `"<div><div class=\\"col s12 m6 l4\\"><offer-card class=\\"hydrated\\"><div class=\\"card\\"><div class=\\"card-image\\"><img src=\\"car.png\\"></div><div class=\\"card-content\\"><p class=\\"card-right-text\\">200 EUR</p><br><br><p class=\\"card-title truncate\\">Mercedes E200</p><p class=\\"truncate\\">Example Car</p></div><div class=\\"card-action\\"><a class=\\"btn waves-effect waves-light\\">SELECT</a></div></div></offer-card></div><div class=\\"col s12 m6 l4\\"><offer-card class=\\"hydrated\\"><div class=\\"card\\"><div class=\\"card-image\\"><img src=\\"car.png\\"></div><div class=\\"card-content\\"><p class=\\"card-right-text\\">300 EUR</p><br><br><p class=\\"card-title truncate\\">BMW 7</p><p class=\\"truncate\\">Example Car</p></div><div class=\\"card-action\\"><a class=\\"btn waves-effect waves-light\\">SELECT</a></div></div></offer-card></div></div>"`;
